start
start
start
start
start
start
start
start
start
start
start
start
start
start
start
start
start
start
start
start
start
start
start
start
start
start
start
start
start
start
start
start
start
start
start
start
start
start
start
start
start
start
start
start
start
start
start
start
start
start
start
start
start
start
start
start
start
start
start
start
start
start
start
start
start
start
start
start
start
start
start
start
start
start
start
start
start
start
start
start
